<?xml version="1.0" encoding="utf-8"?>
<TestRun id="1bd761df-3e3b-4ab2-8a20-9f74842744cf" name="@pkrvmbietmlfzoi 2025-07-08 19:34:52" xmlns="http://microsoft.com/schemas/VisualStudio/TeamTest/2010">
  <Times creation="2025-07-08T19:34:52.4771982+00:00" queuing="2025-07-08T19:34:52.4771983+00:00" start="2025-07-08T19:34:49.1539646+00:00" finish="2025-07-08T19:34:52.4858590+00:00" />
  <TestSettings name="default" id="7ede7834-a302-408f-a193-04460e91feec">
    <Deployment runDeploymentRoot="_pkrvmbietmlfzoi_2025-07-08_19_34_52" />
  </TestSettings>
  <Results>
    <UnitTestResult executionId="0fdced40-bc73-4626-8b8f-a2034dfac168" testId="378f8563-36e7-9da5-9cf4-0239db83a3cf" testName="SuperSocket.Tests.HttpKeepAliveTest.TestHttpResponse(hostConfiguratorType: typeof(SuperSocket.Tests.RegularHostConfigurator))" computerName="pkrvmbietmlfzoi" duration="00:00:00.2165815" startTime="2025-07-08T19:34:52.1010728+00:00" endTime="2025-07-08T19:34:52.3367637+00:00" testType="13cdc9d9-ddb5-4fa4-a97d-d965ccfc6d4b" outcome="Passed" testListId="8c84fa94-04c1-424b-9868-57a2d4851a1d" relativeResultsDirectory="0fdced40-bc73-4626-8b8f-a2034dfac168">
      <Output>
        <StdOut>The listener [Ip=Any, Port=4040, AuthenticationOptions=, Path=, BackLog=100, NoDelay=False] has been started.
Server started.
A new session connected: b2cd7792-badb-40a2-bdff-655bc0430fbd
The session disconnected: b2cd7792-badb-40a2-bdff-655bc0430fbd (RemoteClosing)
The listener[Ip=Any, Port=4040, AuthenticationOptions=, Path=, BackLog=100, NoDelay=False] was closed for the socket error: 125. Operation canceled
The listener [Ip=Any, Port=4040, AuthenticationOptions=, Path=, BackLog=100, NoDelay=False] has been stopped.</StdOut>
      </Output>
    </UnitTestResult>
  </Results>
  <TestDefinitions>
    <UnitTest name="SuperSocket.Tests.HttpKeepAliveTest.TestHttpResponse(hostConfiguratorType: typeof(SuperSocket.Tests.RegularHostConfigurator))" storage="/home/runner/work/supersocket/supersocket/test/supersocket.tests/bin/debug/net8.0/supersocket.tests.dll" id="378f8563-36e7-9da5-9cf4-0239db83a3cf">
      <Execution id="0fdced40-bc73-4626-8b8f-a2034dfac168" />
      <TestMethod codeBase="/home/runner/work/SuperSocket/SuperSocket/test/SuperSocket.Tests/bin/Debug/net8.0/SuperSocket.Tests.dll" adapterTypeName="executor://xunit/VsTestRunner3/netcore/" className="SuperSocket.Tests.HttpKeepAliveTest" name="TestHttpResponse" />
    </UnitTest>
  </TestDefinitions>
  <TestEntries>
    <TestEntry testId="378f8563-36e7-9da5-9cf4-0239db83a3cf" executionId="0fdced40-bc73-4626-8b8f-a2034dfac168" testListId="8c84fa94-04c1-424b-9868-57a2d4851a1d" />
  </TestEntries>
  <TestLists>
    <TestList name="Results Not in a List" id="8c84fa94-04c1-424b-9868-57a2d4851a1d" />
    <TestList name="All Loaded Results" id="19431567-8539-422a-85d7-44ee4e166bda" />
  </TestLists>
  <ResultSummary outcome="Completed">
    <Counters total="1" executed="1" passed="1" failed="0" error="0" timeout="0" aborted="0" inconclusive="0" passedButRunAborted="0" notRunnable="0" notExecuted="0" disconnected="0" warning="0" completed="0" inProgress="0" pending="0" />
    <Output>
      <StdOut>[xUnit.net 00:00:00.01] xUnit.net VSTest Adapter v3.0.1+f8675c32e5 (64-bit .NET 8.0.17)
[xUnit.net 00:00:00.38]   Discovering: SuperSocket.Tests (app domain = off, method display = ClassAndMethod, method display options = None)
[xUnit.net 00:00:01.15]   Discovered:  SuperSocket.Tests (352 test cases to be run)
[xUnit.net 00:00:01.46]   Starting:    SuperSocket.Tests (parallel test collections = off, stop on fail = off, explicit = off, seed = 1819481313)
[xUnit.net 00:00:01.85]     SuperSocket.Tests.HttpKeepAliveTest.TestHttpResponse(hostConfiguratorType: typeof(SuperSocket.Tests.RegularHostConfigurator)) [PASS]
[xUnit.net 00:00:01.85]       Output:
[xUnit.net 00:00:01.85]         The listener [Ip=Any, Port=4040, AuthenticationOptions=, Path=, BackLog=100, NoDelay=False] has been started.
[xUnit.net 00:00:01.85]         Server started.
[xUnit.net 00:00:01.85]         A new session connected: b2cd7792-badb-40a2-bdff-655bc0430fbd
[xUnit.net 00:00:01.85]         The session disconnected: b2cd7792-badb-40a2-bdff-655bc0430fbd (RemoteClosing)
[xUnit.net 00:00:01.85]         The listener[Ip=Any, Port=4040, AuthenticationOptions=, Path=, BackLog=100, NoDelay=False] was closed for the socket error: 125. Operation canceled
[xUnit.net 00:00:01.85]         The listener [Ip=Any, Port=4040, AuthenticationOptions=, Path=, BackLog=100, NoDelay=False] has been stopped.
[xUnit.net 00:00:01.89]   Finished:    SuperSocket.Tests
</StdOut>
    </Output>
  </ResultSummary>
</TestRun>